// Jest Snapshot v1, https://goo.gl/fbAQLP

exports[`NotFound should render a Not Found page 1`] = `
<div>
  <h1
    className="title"
  >
    Page Not Found
  </h1>
</div>
`;
